kotlin version: 2.3.10
error message: Incremental compilation failed: The following FqNames can't be derived from DirtyData.dirtyLookupSymbols: com.example.agrosmart.domain.models.DiagnosisHistory.
DirtyData = DirtyData(dirtyLookupSymbols=[LookupSymbol(name=<SAM-CONSTRUCTOR>, scope=com.example.agrosmart.domain.models.DiagnosisHistory.Companion), LookupSymbol(name=GetRecommendationUseCase, scope=com.example.agrosmart.domain.usecase), LookupSymbol(name=builder, scope=com.example.agrosmart.domain.models.DiagnosisHistory.Companion), LookupSymbol(name=Success, scope=com.example.agrosmart.presentation.viewmodels.state.DetectionUiState), LookupSymbol(name=DetectionUiState, scope=com.example.agrosmart.presentation.viewmodels.state), LookupSymbol(name=<SAM-CONSTRUCTOR>, scope=com.example.agrosmart.domain.models.DiagnosisHistory), LookupSymbol(name=Respuesta, scope=com.example.agrosmart.domain.models), LookupSymbol(name=DetectionViewModel, scope=com.example.agrosmart.presentation.viewmodels), LookupSymbol(name=Builder, scope=com.example.agrosmart.domain.models.DiagnosisHistory), LookupSymbol(name=Companion, scope=com.example.agrosmart.domain.models.DiagnosisHistory), LookupSymbol(name=IDetectionViewModel, scope=com.example.agrosmart.core.utils.interfaces)], dirtyClassesFqNames=[com.example.agrosmart.core.utils.interfaces.IDetectionViewModel, com.example.agrosmart.presentation.viewmodels.DetectionViewModel, com.example.agrosmart.domain.models.DiagnosisHistory.Companion, com.example.agrosmart.domain.usecase.GetRecommendationUseCase, com.example.agrosmart.domain.models.DiagnosisHistory, com.example.agrosmart.domain.models.DiagnosisHistory.Builder, com.example.agrosmart.domain.models.Respuesta, com.example.agrosmart.presentation.viewmodels.state.DetectionUiState.Success, com.example.agrosmart.presentation.viewmodels.state.DetectionUiState], dirtyClassesFqNamesForceRecompile=[])
java.lang.IllegalStateException: The following FqNames can't be derived from DirtyData.dirtyLookupSymbols: com.example.agrosmart.domain.models.DiagnosisHistory.
DirtyData = DirtyData(dirtyLookupSymbols=[LookupSymbol(name=<SAM-CONSTRUCTOR>, scope=com.example.agrosmart.domain.models.DiagnosisHistory.Companion), LookupSymbol(name=GetRecommendationUseCase, scope=com.example.agrosmart.domain.usecase), LookupSymbol(name=builder, scope=com.example.agrosmart.domain.models.DiagnosisHistory.Companion), LookupSymbol(name=Success, scope=com.example.agrosmart.presentation.viewmodels.state.DetectionUiState), LookupSymbol(name=DetectionUiState, scope=com.example.agrosmart.presentation.viewmodels.state), LookupSymbol(name=<SAM-CONSTRUCTOR>, scope=com.example.agrosmart.domain.models.DiagnosisHistory), LookupSymbol(name=Respuesta, scope=com.example.agrosmart.domain.models), LookupSymbol(name=DetectionViewModel, scope=com.example.agrosmart.presentation.viewmodels), LookupSymbol(name=Builder, scope=com.example.agrosmart.domain.models.DiagnosisHistory), LookupSymbol(name=Companion, scope=com.example.agrosmart.domain.models.DiagnosisHistory), LookupSymbol(name=IDetectionViewModel, scope=com.example.agrosmart.core.utils.interfaces)], dirtyClassesFqNames=[com.example.agrosmart.core.utils.interfaces.IDetectionViewModel, com.example.agrosmart.presentation.viewmodels.DetectionViewModel, com.example.agrosmart.domain.models.DiagnosisHistory.Companion, com.example.agrosmart.domain.usecase.GetRecommendationUseCase, com.example.agrosmart.domain.models.DiagnosisHistory, com.example.agrosmart.domain.models.DiagnosisHistory.Builder, com.example.agrosmart.domain.models.Respuesta, com.example.agrosmart.presentation.viewmodels.state.DetectionUiState.Success, com.example.agrosmart.presentation.viewmodels.state.DetectionUiState], dirtyClassesFqNamesForceRecompile=[])
	at org.jetbrains.kotlin.incremental.classpathDiff.ClasspathChangesComputer.toProgramSymbols(ClasspathChangesComputer.kt:364)
	at org.jetbrains.kotlin.incremental.classpathDiff.ClasspathChangesComputer.computeFineGrainedKotlinClassChanges(ClasspathChangesComputer.kt:264)
	at org.jetbrains.kotlin.incremental.classpathDiff.ClasspathChangesComputer.computeKotlinClassChanges(ClasspathChangesComputer.kt:164)
	at org.jetbrains.kotlin.incremental.classpathDiff.ClasspathChangesComputer.computeClassChanges(ClasspathChangesComputer.kt:137)
	at org.jetbrains.kotlin.incremental.classpathDiff.ClasspathChangesComputer.computeChangedAndImpactedSet(ClasspathChangesComputer.kt:87)
	at org.jetbrains.kotlin.incremental.classpathDiff.ClasspathChangesComputer.computeClasspathChanges(ClasspathChangesComputer.kt:55)
	at org.jetbrains.kotlin.incremental.dirtyFiles.ClasspathSnapshotBasedImpactDeterminer.determineChangedAndImpactedSymbols(ClasspathSnapshotBasedImpactDeterminer.kt:42)
	at org.jetbrains.kotlin.incremental.dirtyFiles.JvmSourcesToCompileCalculator.calculateSourcesToCompileImpl(JvmSourcesToCompileCalculator.kt:41)
	at org.jetbrains.kotlin.incremental.dirtyFiles.JvmSourcesToCompileCalculator.calculateWithClasspathSnapshot(JvmSourcesToCompileCalculator.kt:97)
	at org.jetbrains.kotlin.incremental.IncrementalJvmCompilerRunner.calculateSourcesToCompile(IncrementalJvmCompilerRunner.kt:60)
	at org.jetbrains.kotlin.incremental.IncrementalJvmCompilerRunner.calculateSourcesToCompile(IncrementalJvmCompilerRunner.kt:23)
	at org.jetbrains.kotlin.incremental.IncrementalCompilerRunner.tryCompileIncrementally$lambda$0$compile(IncrementalCompilerRunner.kt:225)
	at org.jetbrains.kotlin.incremental.IncrementalCompilerRunner.tryCompileIncrementally(IncrementalCompilerRunner.kt:267)
	at org.jetbrains.kotlin.incremental.IncrementalCompilerRunner.compile(IncrementalCompilerRunner.kt:119)
	at org.jetbrains.kotlin.daemon.CompileServiceImplBase.execIncrementalCompiler(CompileServiceImpl.kt:684)
	at org.jetbrains.kotlin.daemon.CompileServiceImplBase.access$execIncrementalCompiler(CompileServiceImpl.kt:94)
	at org.jetbrains.kotlin.daemon.CompileServiceImpl.compile(CompileServiceImpl.kt:1810)
	at java.base/jdk.internal.reflect.DirectMethodHandleAccessor.invoke(Unknown Source)
	at java.base/java.lang.reflect.Method.invoke(Unknown Source)
	at java.rmi/sun.rmi.server.UnicastServerRef.dispatch(Unknown Source)
	at java.rmi/sun.rmi.transport.Transport.serviceCall(Unknown Source)
	at java.rmi/sun.rmi.transport.tcp.TCPTransport.handleMessages(Unknown Source)
	at java.rmi/sun.rmi.transport.tcp.TCPTransport$ConnectionHandler.run0(Unknown Source)
	at java.rmi/sun.rmi.transport.tcp.TCPTransport$ConnectionHandler.run(Unknown Source)
	at java.base/java.util.concurrent.ThreadPoolExecutor.runWorker(Unknown Source)
	at java.base/java.util.concurrent.ThreadPoolExecutor$Worker.run(Unknown Source)
	at java.base/java.lang.Thread.run(Unknown Source)


